
C:\Windows\System32>composer config -g -- secure-http false

C:\Windows\System32>
C:\Windows\System32>composer config --global disable-tls true
You are now running Composer with SSL/TLS protection disabled.

C:\Windows\System32>composer config -g repos.packagist composer https://packagist.org

C:\Windows\System32>composer clear-cache
Cache directory does not exist (cache-vcs-dir):
Clearing cache (cache-repo-dir): C:\Users\ACER\AppData\Local\Composer\repo
Clearing cache (cache-files-dir): C:\Users\ACER\AppData\Local\Composer\files
Clearing cache (cache-dir): C:\Users\ACER\AppData\Local\Composer
All caches cleared.

C:\Windows\System32>composer diagnose
You are running Composer with SSL/TLS protection disabled.
Checking platform settings: OK
Checking git settings: OK git version 2.42.0
Checking http connectivity to packagist: OK
Checking https connectivity to packagist: Terminate batch job (Y/N)? n

C:\Windows\System32>cd C:\xampp\htdocs

C:\xampp\htdocs>composer create-project laravel/laravel recipe-app-laravel
Creating a "laravel/laravel" project at "./recipe-app-laravel"
You are running Composer with SSL/TLS protection disabled.

In CurlDownloader.php line 370:

  curl error 60 while downloading https://repo.packagist.org/packages.json: SSL c
  ertificate problem: unable to get local issuer certificate


create-project [-s|--stability STABILITY] [--prefer-source] [--prefer-dist] [--prefer-install PREFER-INSTALL] [--repository REPOSITORY] [--repository-url REPOSITORY-URL] [--add-repository] [--dev] [--no-dev] [--no-custom-installers] [--no-scripts] [--no-progress] [--no-secure-http] [--keep-vcs] [--remove-vcs] [--no-install] [--no-audit] [--audit-format AUDIT-FORMAT] [--ignore-platform-req IGNORE-PLATFORM-REQ] [--ignore-platform-reqs] [--ask] [--] [<package> [<directory> [<version>]]]


C:\xampp\htdocs>composer self-update
You are running Composer with SSL/TLS protection disabled.
Warning: Accessing getcomposer.org over http which is an insecure protocol.
Upgrading to version 2.8.7 (stable channel).

Use composer self-update --rollback to return to version 2.7.6

C:\xampp\htdocs>composer create-project laravel/laravel recipe-app-laravel
Creating a "laravel/laravel" project at "./recipe-app-laravel"
You are running Composer with SSL/TLS protection disabled.
The following exception indicates a possible issue with the Avast Firewall
Check https://getcomposer.org/local-issuer for details

In CurlDownloader.php line 390:

  curl error 60 while downloading https://repo.packagist.org/packages.json: SSL c
  ertificate problem: unable to get local issuer certificate


create-project [-s|--stability STABILITY] [--prefer-source] [--prefer-dist] [--prefer-install PREFER-INSTALL] [--repository REPOSITORY] [--repository-url REPOSITORY-URL] [--add-repository] [--dev] [--no-dev] [--no-custom-installers] [--no-scripts] [--no-progress] [--no-secure-http] [--keep-vcs] [--remove-vcs] [--no-install] [--no-audit] [--audit-format AUDIT-FORMAT] [--ignore-platform-req IGNORE-PLATFORM-REQ] [--ignore-platform-reqs] [--ask] [--] [<package> [<directory> [<version>]]]


C:\xampp\htdocs>composer config -g cafile "C:\xampp\php\extras\ssl\cacert.pem"

C:\xampp\htdocs>composer create-project laravel/laravel recipe-app-laravel
Creating a "laravel/laravel" project at "./recipe-app-laravel"
You are running Composer with SSL/TLS protection disabled.
The following exception indicates a possible issue with the Avast Firewall
Check https://getcomposer.org/local-issuer for details

In CurlDownloader.php line 390:

  curl error 60 while downloading https://repo.packagist.org/packages.json: SSL c
  ertificate problem: unable to get local issuer certificate


create-project [-s|--stability STABILITY] [--prefer-source] [--prefer-dist] [--prefer-install PREFER-INSTALL] [--repository REPOSITORY] [--repository-url REPOSITORY-URL] [--add-repository] [--dev] [--no-dev] [--no-custom-installers] [--no-scripts] [--no-progress] [--no-secure-http] [--keep-vcs] [--remove-vcs] [--no-install] [--no-audit] [--audit-format AUDIT-FORMAT] [--ignore-platform-req IGNORE-PLATFORM-REQ] [--ignore-platform-reqs] [--ask] [--] [<package> [<directory> [<version>]]]


C:\xampp\htdocs>composer create-project laravel/laravel recipe-app-laravel
Creating a "laravel/laravel" project at "./recipe-app-laravel"
You are running Composer with SSL/TLS protection disabled.
Cannot use laravel/laravel's latest version v12.0.4 as it requires php ^8.2 which is not satisfied by your platform.
Installing laravel/laravel (v10.3.3)
  - Downloading laravel/laravel (v10.3.3)
  - Installing laravel/laravel (v10.3.3): Extracting archive
Created project in C:\xampp\htdocs\recipe-app-laravel
> @php -r "file_exists('.env') || copy('.env.example', '.env');"
Loading composer repositories with package information
Updating dependencies
Lock file operations: 111 installs, 0 updates, 0 removals
  - Locking brick/math (0.12.3)
  - Locking carbonphp/carbon-doctrine-types (2.1.0)
  - Locking dflydev/dot-access-data (v3.0.3)
  - Locking doctrine/inflector (2.0.10)
  - Locking doctrine/lexer (3.0.1)
  - Locking dragonmantank/cron-expression (v3.4.0)
  - Locking egulias/email-validator (4.0.4)
  - Locking fakerphp/faker (v1.24.1)
  - Locking filp/whoops (2.18.0)
  - Locking fruitcake/php-cors (v1.3.0)
  - Locking graham-campbell/result-type (v1.1.3)
  - Locking guzzlehttp/guzzle (7.9.3)
  - Locking guzzlehttp/promises (2.2.0)
  - Locking guzzlehttp/psr7 (2.7.1)
  - Locking guzzlehttp/uri-template (v1.0.4)
  - Locking hamcrest/hamcrest-php (v2.0.1)
  - Locking laravel/framework (v10.48.29)
  - Locking laravel/pint (v1.20.0)
  - Locking laravel/prompts (v0.1.25)
  - Locking laravel/sail (v1.41.0)
  - Locking laravel/sanctum (v3.3.3)
  - Locking laravel/serializable-closure (v1.3.7)
  - Locking laravel/tinker (v2.10.1)
  - Locking league/commonmark (2.6.1)
  - Locking league/config (v1.2.0)
  - Locking league/flysystem (3.29.1)
  - Locking league/flysystem-local (3.29.0)
  - Locking league/mime-type-detection (1.16.0)
  - Locking mockery/mockery (1.6.12)
  - Locking monolog/monolog (3.9.0)
  - Locking myclabs/deep-copy (1.13.0)
  - Locking nesbot/carbon (2.73.0)
  - Locking nette/schema (v1.3.2)
  - Locking nette/utils (v4.0.6)
  - Locking nikic/php-parser (v5.4.0)
  - Locking nunomaduro/collision (v7.12.0)
  - Locking nunomaduro/termwind (v1.17.0)
  - Locking phar-io/manifest (2.0.4)
  - Locking phar-io/version (3.2.1)
  - Locking phpoption/phpoption (1.9.3)
  - Locking phpunit/php-code-coverage (10.1.16)
  - Locking phpunit/php-file-iterator (4.1.0)
  - Locking phpunit/php-invoker (4.0.0)
  - Locking phpunit/php-text-template (3.0.1)
  - Locking phpunit/php-timer (6.0.0)
  - Locking phpunit/phpunit (10.5.45)
  - Locking psr/clock (1.0.0)
  - Locking psr/container (2.0.2)
  - Locking psr/event-dispatcher (1.0.0)
  - Locking psr/http-client (1.0.3)
  - Locking psr/http-factory (1.1.0)
  - Locking psr/http-message (2.0)
  - Locking psr/log (3.0.2)
  - Locking psr/simple-cache (3.0.0)
  - Locking psy/psysh (v0.12.8)
  - Locking ralouphie/getallheaders (3.0.3)
  - Locking ramsey/collection (2.1.1)
  - Locking ramsey/uuid (4.7.6)
  - Locking sebastian/cli-parser (2.0.1)
  - Locking sebastian/code-unit (2.0.0)
  - Locking sebastian/code-unit-reverse-lookup (3.0.0)
  - Locking sebastian/comparator (5.0.3)
  - Locking sebastian/complexity (3.2.0)
  - Locking sebastian/diff (5.1.1)
  - Locking sebastian/environment (6.1.0)
  - Locking sebastian/exporter (5.1.2)
  - Locking sebastian/global-state (6.0.2)
  - Locking sebastian/lines-of-code (2.0.2)
  - Locking sebastian/object-enumerator (5.0.0)
  - Locking sebastian/object-reflector (3.0.0)
  - Locking sebastian/recursion-context (5.0.0)
  - Locking sebastian/type (4.0.0)
  - Locking sebastian/version (4.0.1)
  - Locking spatie/backtrace (1.7.1)
  - Locking spatie/error-solutions (1.1.3)
  - Locking spatie/flare-client-php (1.10.1)
  - Locking spatie/ignition (1.15.1)
  - Locking spatie/laravel-ignition (2.9.1)
  - Locking symfony/console (v6.4.20)
  - Locking symfony/css-selector (v6.4.13)
  - Locking symfony/deprecation-contracts (v3.5.1)
  - Locking symfony/error-handler (v6.4.20)
  - Locking symfony/event-dispatcher (v6.4.13)
  - Locking symfony/event-dispatcher-contracts (v3.5.1)
  - Locking symfony/finder (v6.4.17)
  - Locking symfony/http-foundation (v6.4.18)
  - Locking symfony/http-kernel (v6.4.20)
  - Locking symfony/mailer (v6.4.18)
  - Locking symfony/mime (v6.4.19)
  - Locking symfony/polyfill-ctype (v1.31.0)
  - Locking symfony/polyfill-intl-grapheme (v1.31.0)
  - Locking symfony/polyfill-intl-idn (v1.31.0)
  - Locking symfony/polyfill-intl-normalizer (v1.31.0)
  - Locking symfony/polyfill-mbstring (v1.31.0)
  - Locking symfony/polyfill-php80 (v1.31.0)
  - Locking symfony/polyfill-php83 (v1.31.0)
  - Locking symfony/polyfill-uuid (v1.31.0)
  - Locking symfony/process (v6.4.20)
  - Locking symfony/routing (v6.4.18)
  - Locking symfony/service-contracts (v3.5.1)
  - Locking symfony/string (v6.4.15)
  - Locking symfony/translation (v6.4.19)
  - Locking symfony/translation-contracts (v3.5.1)
  - Locking symfony/uid (v6.4.13)
  - Locking symfony/var-dumper (v6.4.18)
  - Locking symfony/yaml (v6.4.20)
  - Locking theseer/tokenizer (1.2.3)
  - Locking tijsverkoyen/css-to-inline-styles (v2.3.0)
  - Locking vlucas/phpdotenv (v5.6.1)
  - Locking voku/portable-ascii (2.0.3)
  - Locking webmozart/assert (1.11.0)
Writing lock file
Installing dependencies from lock file (including require-dev)
Package operations: 111 installs, 0 updates, 0 removals
  - Downloading doctrine/inflector (2.0.10)
  - Downloading doctrine/lexer (3.0.1)
  - Downloading symfony/polyfill-ctype (v1.31.0)
  - Downloading webmozart/assert (1.11.0)
  - Downloading dragonmantank/cron-expression (v3.4.0)
  - Downloading symfony/deprecation-contracts (v3.5.1)
  - Downloading psr/container (2.0.2)
  - Downloading fakerphp/faker (v1.24.1)
  - Downloading symfony/polyfill-php83 (v1.31.0)
  - Downloading symfony/polyfill-mbstring (v1.31.0)
  - Downloading symfony/http-foundation (v6.4.18)
  - Downloading fruitcake/php-cors (v1.3.0)
  - Downloading psr/http-message (2.0)
  - Downloading psr/http-client (1.0.3)
  - Downloading ralouphie/getallheaders (3.0.3)
  - Downloading psr/http-factory (1.1.0)
  - Downloading guzzlehttp/psr7 (2.7.1)
  - Downloading guzzlehttp/promises (2.2.0)
  - Downloading guzzlehttp/guzzle (7.9.3)
  - Downloading symfony/polyfill-php80 (v1.31.0)
  - Downloading guzzlehttp/uri-template (v1.0.4)
  - Downloading laravel/pint (v1.20.0)
  - Downloading symfony/polyfill-intl-normalizer (v1.31.0)
  - Downloading symfony/polyfill-intl-grapheme (v1.31.0)
  - Downloading symfony/string (v6.4.15)
  - Downloading symfony/service-contracts (v3.5.1)
  - Downloading symfony/console (v6.4.20)
  - Downloading voku/portable-ascii (2.0.3)
  - Downloading phpoption/phpoption (1.9.3)
  - Downloading graham-campbell/result-type (v1.1.3)
  - Downloading vlucas/phpdotenv (v5.6.1)
  - Downloading symfony/css-selector (v6.4.13)
  - Downloading tijsverkoyen/css-to-inline-styles (v2.3.0)
  - Downloading symfony/var-dumper (v6.4.18)
  - Downloading symfony/polyfill-uuid (v1.31.0)
  - Downloading symfony/uid (v6.4.13)
  - Downloading symfony/routing (v6.4.18)
  - Downloading symfony/process (v6.4.20)
  - Downloading symfony/polyfill-intl-idn (v1.31.0)
  - Downloading symfony/mime (v6.4.19)
  - Downloading psr/event-dispatcher (1.0.0)
  - Downloading symfony/event-dispatcher-contracts (v3.5.1)
  - Downloading symfony/event-dispatcher (v6.4.13)
  - Downloading psr/log (3.0.2)
  - Downloading egulias/email-validator (4.0.4)
  - Downloading symfony/mailer (v6.4.18)
  - Downloading symfony/error-handler (v6.4.20)
  - Downloading symfony/http-kernel (v6.4.20)
  - Downloading symfony/finder (v6.4.17)
  - Downloading ramsey/collection (2.1.1)
  - Downloading brick/math (0.12.3)
  - Downloading ramsey/uuid (4.7.6)
  - Downloading psr/simple-cache (3.0.0)
  - Downloading nunomaduro/termwind (v1.17.0)
  - Downloading symfony/translation-contracts (v3.5.1)
  - Downloading symfony/translation (v6.4.19)
  - Downloading psr/clock (1.0.0)
  - Downloading carbonphp/carbon-doctrine-types (2.1.0)
  - Downloading nesbot/carbon (2.73.0)
  - Downloading monolog/monolog (3.9.0)
  - Downloading league/mime-type-detection (1.16.0)
  - Downloading league/flysystem (3.29.1)
  - Downloading league/flysystem-local (3.29.0)
  - Downloading nette/utils (v4.0.6)
  - Downloading nette/schema (v1.3.2)
  - Downloading dflydev/dot-access-data (v3.0.3)
  - Downloading league/config (v1.2.0)
  - Downloading league/commonmark (2.6.1)
  - Downloading laravel/serializable-closure (v1.3.7)
  - Downloading laravel/prompts (v0.1.25)
  - Downloading laravel/framework (v10.48.29)
  - Downloading symfony/yaml (v6.4.20)
  - Downloading laravel/sail (v1.41.0)
  - Downloading laravel/sanctum (v3.3.3)
  - Downloading nikic/php-parser (v5.4.0)
  - Downloading psy/psysh (v0.12.8)
  - Downloading laravel/tinker (v2.10.1)
  - Downloading hamcrest/hamcrest-php (v2.0.1)
  - Downloading mockery/mockery (1.6.12)
  - Downloading filp/whoops (2.18.0)
  - Downloading nunomaduro/collision (v7.12.0)
  - Downloading sebastian/version (4.0.1)
  - Downloading sebastian/type (4.0.0)
  - Downloading sebastian/recursion-context (5.0.0)
  - Downloading sebastian/object-reflector (3.0.0)
  - Downloading sebastian/object-enumerator (5.0.0)
  - Downloading sebastian/global-state (6.0.2)
  - Downloading sebastian/exporter (5.1.2)
  - Downloading sebastian/environment (6.1.0)
  - Downloading sebastian/diff (5.1.1)
  - Downloading sebastian/comparator (5.0.3)
  - Downloading sebastian/code-unit (2.0.0)
  - Downloading sebastian/cli-parser (2.0.1)
  - Downloading phpunit/php-timer (6.0.0)
  - Downloading phpunit/php-text-template (3.0.1)
  - Downloading phpunit/php-invoker (4.0.0)
  - Downloading phpunit/php-file-iterator (4.1.0)
  - Downloading theseer/tokenizer (1.2.3)
  - Downloading sebastian/lines-of-code (2.0.2)
  - Downloading sebastian/complexity (3.2.0)
  - Downloading sebastian/code-unit-reverse-lookup (3.0.0)
  - Downloading phpunit/php-code-coverage (10.1.16)
  - Downloading phar-io/version (3.2.1)
  - Downloading phar-io/manifest (2.0.4)
  - Downloading myclabs/deep-copy (1.13.0)
  - Downloading phpunit/phpunit (10.5.45)
  - Downloading spatie/error-solutions (1.1.3)
  - Downloading spatie/backtrace (1.7.1)
  - Downloading spatie/flare-client-php (1.10.1)
  - Downloading spatie/ignition (1.15.1)
  - Downloading spatie/laravel-ignition (2.9.1)
  - Installing doctrine/inflector (2.0.10): Extracting archive
  - Installing doctrine/lexer (3.0.1): Extracting archive
  - Installing symfony/polyfill-ctype (v1.31.0): Extracting archive
  - Installing webmozart/assert (1.11.0): Extracting archive
  - Installing dragonmantank/cron-expression (v3.4.0): Extracting archive
  - Installing symfony/deprecation-contracts (v3.5.1): Extracting archive
  - Installing psr/container (2.0.2): Extracting archive
  - Installing fakerphp/faker (v1.24.1): Extracting archive
  - Installing symfony/polyfill-php83 (v1.31.0): Extracting archive
  - Installing symfony/polyfill-mbstring (v1.31.0): Extracting archive
  - Installing symfony/http-foundation (v6.4.18): Extracting archive
  - Installing fruitcake/php-cors (v1.3.0): Extracting archive
  - Installing psr/http-message (2.0): Extracting archive
  - Installing psr/http-client (1.0.3): Extracting archive
  - Installing ralouphie/getallheaders (3.0.3): Extracting archive
  - Installing psr/http-factory (1.1.0): Extracting archive
  - Installing guzzlehttp/psr7 (2.7.1): Extracting archive
  - Installing guzzlehttp/promises (2.2.0): Extracting archive
  - Installing guzzlehttp/guzzle (7.9.3): Extracting archive
  - Installing symfony/polyfill-php80 (v1.31.0): Extracting archive
  - Installing guzzlehttp/uri-template (v1.0.4): Extracting archive
  - Installing laravel/pint (v1.20.0): Extracting archive
  - Installing symfony/polyfill-intl-normalizer (v1.31.0): Extracting archive
  - Installing symfony/polyfill-intl-grapheme (v1.31.0): Extracting archive
  - Installing symfony/string (v6.4.15): Extracting archive
  - Installing symfony/service-contracts (v3.5.1): Extracting archive
  - Installing symfony/console (v6.4.20): Extracting archive
  - Installing voku/portable-ascii (2.0.3): Extracting archive
  - Installing phpoption/phpoption (1.9.3): Extracting archive
  - Installing graham-campbell/result-type (v1.1.3): Extracting archive
  - Installing vlucas/phpdotenv (v5.6.1): Extracting archive
  - Installing symfony/css-selector (v6.4.13): Extracting archive
  - Installing tijsverkoyen/css-to-inline-styles (v2.3.0): Extracting archive
  - Installing symfony/var-dumper (v6.4.18): Extracting archive
  - Installing symfony/polyfill-uuid (v1.31.0): Extracting archive
  - Installing symfony/uid (v6.4.13): Extracting archive
  - Installing symfony/routing (v6.4.18): Extracting archive
  - Installing symfony/process (v6.4.20): Extracting archive
  - Installing symfony/polyfill-intl-idn (v1.31.0): Extracting archive
  - Installing symfony/mime (v6.4.19): Extracting archive
  - Installing psr/event-dispatcher (1.0.0): Extracting archive
  - Installing symfony/event-dispatcher-contracts (v3.5.1): Extracting archive
  - Installing symfony/event-dispatcher (v6.4.13): Extracting archive
  - Installing psr/log (3.0.2): Extracting archive
  - Installing egulias/email-validator (4.0.4): Extracting archive
  - Installing symfony/mailer (v6.4.18): Extracting archive
  - Installing symfony/error-handler (v6.4.20): Extracting archive
  - Installing symfony/http-kernel (v6.4.20): Extracting archive
  - Installing symfony/finder (v6.4.17): Extracting archive
  - Installing ramsey/collection (2.1.1): Extracting archive
  - Installing brick/math (0.12.3): Extracting archive
  - Installing ramsey/uuid (4.7.6): Extracting archive
  - Installing psr/simple-cache (3.0.0): Extracting archive
  - Installing nunomaduro/termwind (v1.17.0): Extracting archive
  - Installing symfony/translation-contracts (v3.5.1): Extracting archive
  - Installing symfony/translation (v6.4.19): Extracting archive
  - Installing psr/clock (1.0.0): Extracting archive
  - Installing carbonphp/carbon-doctrine-types (2.1.0): Extracting archive
  - Installing nesbot/carbon (2.73.0): Extracting archive
  - Installing monolog/monolog (3.9.0): Extracting archive
  - Installing league/mime-type-detection (1.16.0): Extracting archive
  - Installing league/flysystem (3.29.1): Extracting archive
  - Installing league/flysystem-local (3.29.0): Extracting archive
  - Installing nette/utils (v4.0.6): Extracting archive
  - Installing nette/schema (v1.3.2): Extracting archive
  - Installing dflydev/dot-access-data (v3.0.3): Extracting archive
  - Installing league/config (v1.2.0): Extracting archive
  - Installing league/commonmark (2.6.1): Extracting archive
  - Installing laravel/serializable-closure (v1.3.7): Extracting archive
  - Installing laravel/prompts (v0.1.25): Extracting archive
  - Installing laravel/framework (v10.48.29): Extracting archive
  - Installing symfony/yaml (v6.4.20): Extracting archive
  - Installing laravel/sail (v1.41.0): Extracting archive
  - Installing laravel/sanctum (v3.3.3): Extracting archive
  - Installing nikic/php-parser (v5.4.0): Extracting archive
  - Installing psy/psysh (v0.12.8): Extracting archive
  - Installing laravel/tinker (v2.10.1): Extracting archive
  - Installing hamcrest/hamcrest-php (v2.0.1): Extracting archive
  - Installing mockery/mockery (1.6.12): Extracting archive
  - Installing filp/whoops (2.18.0): Extracting archive
  - Installing nunomaduro/collision (v7.12.0): Extracting archive
  - Installing sebastian/version (4.0.1): Extracting archive
  - Installing sebastian/type (4.0.0): Extracting archive
  - Installing sebastian/recursion-context (5.0.0): Extracting archive
  - Installing sebastian/object-reflector (3.0.0): Extracting archive
  - Installing sebastian/object-enumerator (5.0.0): Extracting archive
  - Installing sebastian/global-state (6.0.2): Extracting archive
  - Installing sebastian/exporter (5.1.2): Extracting archive
  - Installing sebastian/environment (6.1.0): Extracting archive
  - Installing sebastian/diff (5.1.1): Extracting archive
  - Installing sebastian/comparator (5.0.3): Extracting archive
  - Installing sebastian/code-unit (2.0.0): Extracting archive
  - Installing sebastian/cli-parser (2.0.1): Extracting archive
  - Installing phpunit/php-timer (6.0.0): Extracting archive
  - Installing phpunit/php-text-template (3.0.1): Extracting archive
  - Installing phpunit/php-invoker (4.0.0): Extracting archive
  - Installing phpunit/php-file-iterator (4.1.0): Extracting archive
  - Installing theseer/tokenizer (1.2.3): Extracting archive
  - Installing sebastian/lines-of-code (2.0.2): Extracting archive
  - Installing sebastian/complexity (3.2.0): Extracting archive
  - Installing sebastian/code-unit-reverse-lookup (3.0.0): Extracting archive
  - Installing phpunit/php-code-coverage (10.1.16): Extracting archive
  - Installing phar-io/version (3.2.1): Extracting archive
  - Installing phar-io/manifest (2.0.4): Extracting archive
  - Installing myclabs/deep-copy (1.13.0): Extracting archive
  - Installing phpunit/phpunit (10.5.45): Extracting archive
  - Installing spatie/error-solutions (1.1.3): Extracting archive
  - Installing spatie/backtrace (1.7.1): Extracting archive
  - Installing spatie/flare-client-php (1.10.1): Extracting archive
  - Installing spatie/ignition (1.15.1): Extracting archive
  - Installing spatie/laravel-ignition (2.9.1): Extracting archive
57 package suggestions were added by new dependencies, use `composer suggest` to see details.
Generating optimized autoload files
> Illuminate\Foundation\ComposerScripts::postAutoloadDump
> @php artisan package:discover --ansi

   INFO  Discovering packages.

  laravel/sail .............................................................. DONE
  laravel/sanctum ........................................................... DONE
  laravel/tinker ............................................................ DONE
  nesbot/carbon ............................................................. DONE
  nunomaduro/collision ...................................................... DONE
  nunomaduro/termwind ....................................................... DONE
  spatie/laravel-ignition ................................................... DONE

81 packages you are using are looking for funding.
Use the `composer fund` command to find out more!
> @php artisan vendor:publish --tag=laravel-assets --ansi --force

   INFO  No publishable resources for tag [laravel-assets].

No security vulnerability advisories found.
> @php artisan key:generate --ansi

   INFO  Application key set successfully.


C:\xampp\htdocs>